// Jest Snapshot v1, https://goo.gl/fbAQLP

exports[`Alert should render properly 1`] = `
<div role="alert" class="border-t-4 rounded-b px-4 py-3 shadow-md bg-red-100 border-red-500 text-red-900">
  <div class="flex">
    <div class="py-1"><svg xmlns="http://www.w3.org/2000/svg" viewBox="0 0 20 20" class="fill-current h-6 w-6 text-red-500 mr-4 text-red-500">
        <path d="M2.93 17.07A10 10 0 1 1 17.07 2.93 10 10 0 0 1 2.93 17.07zm12.73-1.41A8 8 0 1 0 4.34 4.34a8 8 0 0 0 11.32 11.32zM9 11V9h2v6H9v-4zm0-6h2v2H9V5z"></path>
      </svg></div>
    <div>
      <p id="alert-title" class="font-bold"> Hello </p>
      <p id="alert-message" class="text-sm"> Word</p>
    </div>
  </div>
</div>
`;
